// Jest Snapshot v1, https://goo.gl/fbAQLP

exports[`list todo shoud return on todo 1`] = `
<div>
  <p>
    <input
      defaultChecked={false}
      onClick={[Function]}
      type="checkbox"
    />
    <span>
      title three
    </span>
  </p>
</div>
`;
